Microchip MPLAB XC8 Compiler V2.45

Linker command line:

-W-3 \
  --edf=C:\Program Files\Microchip\xc8\v2.45\pic\dat\20230818022343_en.msgs \
  -cn -h+dist/default/production\17-0323HV_MonitorBoard_R2.X.production.sym \
  --cmf=dist/default/production\17-0323HV_MonitorBoard_R2.X.production.cmf \
  -z -Q16F883 -oC:\Users\gene.li\AppData\Local\Temp\xcAsnto.\driver_tmp_3.o \
  --defsym=__MPLAB_BUILD=1 --fixupoverflow=error \
  -Mdist/default/production/17-0323HV_MonitorBoard_R2.X.production.map \
  --md=C:\Users\gene.li\AppData\Local\Temp\xcAsnto.\driver_tmp_0.dat -E1 \
  -ver=XC8 Compiler --acfsm=1493 -ACODE=00h-07FFhx2 -ASTRCODE=00h-0FFFh \
  -ASTRING=00h-0FFhx16 -ACONST=00h-0FFhx16 -AENTRY=00h-0FFhx16 \
  -ACOMMON=070h-07Fh -ABANK0=020h-06Fh -ABANK1=0A0h-0EFh \
  -ABANK2=0120h-016Fh -ARAM=020h-06Fh,0A0h-0EFh,0120h-016Fh \
  -AABS1=020h-07Fh,0A0h-0EFh,0120h-016Fh -ASFR0=00h-01Fh -ASFR1=080h-09Fh \
  -ASFR2=0100h-011Fh -ASFR3=0180h-01EFh -ACONFIG=02007h-02008h -DCONFIG=2 \
  -AIDLOC=02000h-02003h -DIDLOC=2 -AEEDATA=00h-0FFh/02100h \
  -peeprom_data=EEDATA -DEEDATA=2 -DCODE=2 -DSTRCODE=2 -DSTRING=2 -DCONST=2 \
  -DENTRY=2 -preset_vec=00h,intentry=04h,init,end_init -ppowerup=CODE \
  -pcinit=CODE -pfunctab=ENTRY -k \
  C:\Users\gene.li\AppData\Local\Temp\xcAsnto.\driver_tmp_12.o \
  dist/default/production\17-0323HV_MonitorBoard_R2.X.production.o 

Object code version is 3.11

Machine type is 16F883



                Name                               Link     Load   Length Selector   Space Scale
C:\Users\gene.li\AppData\Local\Temp\xcAsnto.\driver_tmp_12.o
                end_init                              B        B        2        8       0
                reset_vec                             0        0        2        0       0
                config                             2007     2007        2        0       4
dist/default/production\17-0323HV_MonitorBoard_R2.X.production.o
                cinit                                 D        D        9        8       0
                intentry                              4        4        7        8       0
                config                             2007     2007        2        0       4
                text3                               15F      15F       1A        8       0
                text2                               13A      13A       25        8       0
                text1                                CA       CA       70        8       0
                maintext                             16       16       B4        8       0
                cstackBANK0                          20       20        3       20       1
                cstackCOMMON                         76       76        5       70       1
                bssCOMMON                            70       70        6       70       1
                nvBANK0                              23       23        1       20       1

TOTAL           Name                               Link     Load   Length     Space
        CLASS   CODE           
                end_init                              B        B        2         0
                cinit                                 D        D        9         0
                intentry                              4        4        7         0
                reset_vec                             0        0        2         0
                text3                               15F      15F       1A         0
                text2                               13A      13A       25         0
                text1                                CA       CA       70         0
                maintext                             16       16       B4         0

        CLASS   STRCODE        

        CLASS   STRING         

        CLASS   CONST          

        CLASS   ENTRY          

        CLASS   COMMON         
                cstackCOMMON                         76       76        5         1
                bssCOMMON                            70       70        6         1

        CLASS   BANK0          
                cstackBANK0                          20       20        3         1
                nvBANK0                              23       23        1         1

        CLASS   BANK1          

        CLASS   BANK2          

        CLASS   RAM            

        CLASS   ABS1           
                abs_s1                               7E       7E        2         1

        CLASS   SFR0           

        CLASS   SFR1           

        CLASS   SFR2           

        CLASS   SFR3           

        CLASS   CONFIG         
                config                             2007     2007        2         4

        CLASS   IDLOC          

        CLASS   EEDATA         

        CLASS   BANK3          

        CLASS   HEAP           

        CLASS   STACK          



SEGMENTS        Name                           Load    Length   Top    Selector   Space  Class     Delta

                reset_vec                      000000  000002  000002         0       0  CODE        2
                intentry                       000004  000175  000179         8       0  CODE        2
                cstackBANK0                    000020  000004  000024        20       1  BANK0       1
                bssCOMMON                      000070  00000B  00007B        70       1  COMMON      1


UNUSED ADDRESS RANGES

        Name                Unused          Largest block    Delta
        BANK0            0024-006F             4C           1
        BANK1            00A0-00EF             50           1
        BANK2            0120-016F             50           1
        CODE             0002-0003              2           2
                         0179-0FFF            687
        COMMON           007B-007D              3           1
        CONST            0002-0003              2           2
                         0179-0FFF            100
        EEDATA           2100-21FF            100           2
        ENTRY            0002-0003              2           2
                         0179-0FFF            100
        IDLOC            2000-2003              4           2
        RAM              0024-006F             4C           1
                         00A0-00EF             50
                         0120-016F             50
        SFR0             0000-001F             20           1
        SFR1             0080-009F             20           1
        SFR2             0100-011F             20           1
        SFR3             0180-01EF             70           1
        STRCODE          0002-0003              2           2
                         0179-0FFF            E87
        STRING           0002-0003              2           2
                         0179-0FFF            100

                                  Symbol Table

ADC_Read@channel         cstackCOMMON 007A
_ADCON0bits              (abs)        001F
_ADCON1bits              (abs)        009F
_ADC_Read                text2        013A
_ADRESH                  (abs)        001E
_ADRESL                  (abs)        009E
_ANSEL                   (abs)        0188
_ANSELH                  (abs)        0189
_CM1CON0bits             (abs)        0107
_CM2CON1bits             (abs)        0109
_Data_Out_High           bssCOMMON    0072
_Data_Out_Low            bssCOMMON    0073
_INTCON                  (abs)        000B
_INTCONbits              (abs)        000B
_ISR                     text3        015F
_Init_PIC                text1        00CA
_Low_Battery_Flag        bssCOMMON    0071
_OPTION_REGbits          (abs)        0081
_OSCCONbits              (abs)        008F
_PIE1                    (abs)        008C
_PIE1bits                (abs)        008C
_PIR1                    (abs)        000C
_PIR1bits                (abs)        000C
_PORTA                   (abs)        0005
_PORTAbits               (abs)        0005
_PORTB                   (abs)        0006
_PORTC                   (abs)        0007
_PORTCbits               (abs)        0007
_PR2                     (abs)        0092
_Probe_Volt_High         bssCOMMON    0074
_Probe_Volt_Low          bssCOMMON    0075
_RXData                  bssCOMMON    0070
_SRCONbits               (abs)        0185
_SSPBUF                  (abs)        0013
_SSPCON                  (abs)        0014
_SSPCONbits              (abs)        0014
_SSPSTATbits             (abs)        0094
_Sleep_Flag              nvBANK0      0023
_T1CON                   (abs)        0010
_T1CONbits               (abs)        0010
_T2CON                   (abs)        0012
_T2CONbits               (abs)        0012
_TMR1H                   (abs)        000F
_TMR1L                   (abs)        000E
_TMR2                    (abs)        0011
_TRISA                   (abs)        0085
_TRISB                   (abs)        0086
_TRISC                   (abs)        0087
_WDTCONbits              (abs)        0105
__H__absolute__          __absolute__ 0000
__Habs1                  abs1         0000
__Hbank0                 bank0        0000
__Hbank1                 bank1        0000
__Hbank2                 bank2        0000
__Hbank3                 bank3        0000
__HbssCOMMON             bssCOMMON    0000
__Hcinit                 cinit        0016
__Hclrtext               clrtext      0000
__Hcode                  code         0000
__Hcommon                common       0000
__Hconfig                config       2009
__HcstackBANK0           cstackBANK0  0000
__HcstackCOMMON          cstackCOMMON 0000
__Heeprom_data           eeprom_data  0000
__Hend_init              end_init     000D
__Hfunctab               functab      0000
__Hheap                  heap         0000
__Hinit                  init         000B
__Hintentry              intentry     000B
__Hmaintext              maintext     0000
__HnvBANK0               nvBANK0      0000
__Hpowerup               powerup      0000
__Hram                   ram          0000
__Hreset_vec             reset_vec    0002
__Hsfr0                  sfr0         0000
__Hsfr1                  sfr1         0000
__Hsfr2                  sfr2         0000
__Hsfr3                  sfr3         0000
__Hspace_0               (abs)        0179
__Hspace_1               (abs)        007B
__Hspace_2               (abs)        0000
__Hspace_3               (abs)        0000
__Hspace_4               (abs)        4010
__Hstack                 stack        0000
__Hstrings               strings      0000
__Htext                  text         0000
__L__absolute__          __absolute__ 0000
__Labs1                  abs1         0000
__Lbank0                 bank0        0000
__Lbank1                 bank1        0000
__Lbank2                 bank2        0000
__Lbank3                 bank3        0000
__LbssCOMMON             bssCOMMON    0000
__Lcinit                 cinit        000D
__Lclrtext               clrtext      0000
__Lcode                  code         0000
__Lcommon                common       0000
__Lconfig                config       0000
__LcstackBANK0           cstackBANK0  0000
__LcstackCOMMON          cstackCOMMON 0000
__Leeprom_data           eeprom_data  0000
__Lend_init              end_init     000B
__Lfunctab               functab      0000
__Lheap                  heap         0000
__Linit                  init         000B
__Lintentry              intentry     0004
__Lmaintext              maintext     0000
__LnvBANK0               nvBANK0      0000
__Lpowerup               powerup      0000
__Lram                   ram          0000
__Lreset_vec             reset_vec    0000
__Lsfr0                  sfr0         0000
__Lsfr1                  sfr1         0000
__Lsfr2                  sfr2         0000
__Lsfr3                  sfr3         0000
__Lspace_0               (abs)        0000
__Lspace_1               (abs)        0000
__Lspace_2               (abs)        0000
__Lspace_3               (abs)        0000
__Lspace_4               (abs)        0000
__Lstack                 stack        0000
__Lstrings               strings      0000
__Ltext                  text         0000
__S0                     (abs)        0179
__S1                     (abs)        007B
__S3                     (abs)        0000
___heap_hi               (abs)        0000
___heap_lo               (abs)        0000
___int_sp                stack        0000
___int_stack_hi          stack        0000
___int_stack_lo          stack        0000
___latbits               (abs)        0001
___sp                    stack        0000
___stack_hi              stack        0000
___stack_lo              stack        0000
___stackhi               (abs)        0000
___stacklo               (abs)        0000
__end_of_ADC_Read        text2        015F
__end_of_ISR             text3        0179
__end_of_Init_PIC        text1        013A
__end_of__initialization cinit        0013
__end_of_main            maintext     00CA
__initialization         cinit        000D
__pbssCOMMON             bssCOMMON    0070
__pcstackBANK0           cstackBANK0  0020
__pcstackCOMMON          cstackCOMMON 0076
__pintentry              intentry     0004
__pmaintext              maintext     0016
__pnvBANK0               nvBANK0      0023
__ptext1                 text1        00CA
__ptext2                 text2        013A
__ptext3                 text3        015F
_main                    maintext     0016
btemp                    (abs)        007E
end_of_initialization    cinit        0013
interrupt_function       intentry     0004
intlevel0                functab      0000
intlevel1                functab      0000
intlevel2                functab      0000
intlevel3                functab      0000
intlevel4                functab      0000
intlevel5                functab      0000
reset_vec                reset_vec    0000
saved_w                  (abs)        007E
start                    init         000B
start_initialization     cinit        000D
wtemp0                   (abs)        007E


MODULE INFORMATION

Module		Function		Class		Link	Load	Size
17-0323HV_MonitorBoard.c
		_ISR           		CODE           	015F	0000	26
		_main          		CODE           	0016	0000	180
		_Init_PIC      		CODE           	00CA	0000	112
		_ADC_Read      		CODE           	013A	0000	37

17-0323HV_MonitorBoard.c estimated size: 355

shared
		__initialization		CODE           	000D	0000	6

shared estimated size: 6

